============================= test session starts ==============================
platform linux -- Python 3.12.11, pytest-7.4.4, pluggy-1.6.0
rootdir: /app
plugins: anyio-4.10.0
collected 27 items

tests/test_config_service.py ...                                         [ 11%]
tests/test_data_service.py ....                                          [ 25%]
tests/test_indicators.py ......                                          [ 48%]
tests/test_llm_audit_service.py ...                                      [ 59%]
tests/test_signal_engine.py ..                                           [ 66%]
tests/test_statistics.py ....                                            [ 81%]
tests/test_validation_service.py .....                                   [100%]

============================== 27 passed in 2.89s ==============================
